// Jest Snapshot v1, https://goo.gl/fbAQLP

exports[`Text styles 1`] = `
<DocumentFragment>
  .emotion-0 {
  color: red;
}

.emotion-0:active {
  background: green;
}

.emotion-0:hover {
  background: aqua;
}

<div
    class="ant-col emotion-0 emotion-1"
  >
    test
  </div>
</DocumentFragment>
`;
